// Jest Snapshot v1, https://goo.gl/fbAQLP

exports[`matches snapshot 1`] = `
<footer
  className="sc-jRQBWg fGnSGf"
/>
`;
